[
  {
    "entries": [
      {
        "jsonPayload": {
          "kvlistValue": {
            "values": [
              {
                "key": "content",
                "value": {
                  "stringValue": "You're a helpful assistant."
                }
              }
            ]
          }
        },
        "labels": {
          "event.name": "gen_ai.system.message",
          "gen_ai.system": "openai"
        },
        "logName": "projects/fakeproject/logs/test",
        "resource": {
          "labels": {
            "location": "global",
            "namespace": "",
            "node_id": ""
          },
          "type": "generic_node"
        },
        "severity": "ERROR",
        "spanId": "16",
        "timestamp": "2025-01-15T21:25:10.997977393Z",
        "trace": "projects/fakeproject/traces/25"
      }
    ]
  }
]
